// Jest Snapshot v1, https://goo.gl/fbAQLP

exports[`Balances renders 1`] = `
<div
  className="Balances-component"
>
  <div>
    <div>
      hash: undefined
    </div>
    <div>
      number: undefined
    </div>
    <div>
      timestamp: undefined
    </div>
  </div>
  <div>
    <table
      className="balances-table"
    >
      <thead>
        <tr
          className="balances-table-headers"
        >
          <th
            style={
              Object {
                "width": "16%",
              }
            }
          >
            Nickname
          </th>
          <th
            style={
              Object {
                "width": "16%",
              }
            }
          >
            Address
          </th>
          <th
            style={
              Object {
                "width": "16%",
              }
            }
          >
            ETH Balance
          </th>
          <th
            style={
              Object {
                "width": "16%",
              }
            }
          >
             Balance
          </th>
          <th
            style={
              Object {
                "width": "16%",
              }
            }
          >
             Allowance
          </th>
          <th
            style={
              Object {
                "width": "10%",
              }
            }
          >
            ✅ Sets
          </th>
          <th
            style={
              Object {
                "width": "16%",
              }
            }
          >
            Current Set
          </th>
        </tr>
      </thead>
      <tbody />
    </table>
  </div>
</div>
`;
