// Jest Snapshot v1, https://goo.gl/fbAQLP

exports[`Balances renders 1`] = `
<div
  style={
    Object {
      "color": "white",
      "fontFamily": "monospace",
      "fontSize": "1.25rem",
    }
  }
>
  <div>
    <div>
      hash: undefined
    </div>
    <div>
      number: undefined
    </div>
    <div>
      timestamp: undefined
    </div>
  </div>
  <div>
    <table>
      <thead>
        <tr>
          <th>
            Address
          </th>
          <th>
            ETH Balance
          </th>
          <th>
             Balance
          </th>
          <th>
            Deposit 1 ETH
          </th>
        </tr>
      </thead>
      <tbody />
    </table>
  </div>
</div>
`;
