// Jest Snapshot v1, https://goo.gl/fbAQLP

exports[`NavigationBar renders 1`] = `
<div
  className="NavigationBar-component"
>
  <div
    className="NavigationBar-links"
  >
    <a
      href="/"
      onClick={[Function]}
    >
      Home
    </a>
    <a
      href="/roulette"
      onClick={[Function]}
    >
      Roulette
    </a>
    <a
      href="/next-game"
      onClick={[Function]}
    >
      Next Game
    </a>
    <a
      href="/sic-bo"
      onClick={[Function]}
    >
      Sic Bo
    </a>
  </div>
</div>
`;
