// Jest Snapshot v1, https://goo.gl/fbAQLP

exports[`NavigationBar renders 1`] = `
<div
  className="NavigationBar-component"
>
  <div
    className="NavigationBar-links"
  >
    <a
      href="/"
      onClick={[Function]}
    >
      Home
    </a>
    <a
      href="/roulette-p1"
      onClick={[Function]}
    >
      Roulette P1
    </a>
    <a
      href="/roulette-p2"
      onClick={[Function]}
    >
      Roulette P2
    </a>
    <a
      href="/roulette-p3"
      onClick={[Function]}
    >
      Roulette P3
    </a>
    <a
      href="/sic-bo"
      onClick={[Function]}
    >
      Sic Bo
    </a>
    <a
      href="/balances"
      onClick={[Function]}
    >
      Balances
    </a>
    <a
      href="/events"
      onClick={[Function]}
    >
      Events
    </a>
  </div>
</div>
`;
