// Jest Snapshot v1, https://goo.gl/fbAQLP

exports[`NumbersHitTracker renders when there all numbers have been hit 1`] = `
<div
  className="NumbersHitTracker-component"
>
  <div
    className="hit-number"
    style={
      Object {
        "backgroundColor": "yellow",
        "color": "black",
      }
    }
  >
    0
  </div>
  <div
    className="hit-number"
    style={
      Object {
        "backgroundColor": "yellow",
        "color": "black",
      }
    }
  >
    00
  </div>
  <div
    className="hit-number"
    style={
      Object {
        "backgroundColor": "yellow",
        "color": "black",
      }
    }
  >
    1
  </div>
  <div
    className="hit-number"
    style={
      Object {
        "backgroundColor": "yellow",
        "color": "black",
      }
    }
  >
    2
  </div>
  <div
    className="hit-number"
    style={
      Object {
        "backgroundColor": "yellow",
        "color": "black",
      }
    }
  >
    3
  </div>
  <div
    className="hit-number"
    style={
      Object {
        "backgroundColor": "yellow",
        "color": "black",
      }
    }
  >
    4
  </div>
  <div
    className="hit-number"
    style={
      Object {
        "backgroundColor": "yellow",
        "color": "black",
      }
    }
  >
    5
  </div>
  <div
    className="hit-number"
    style={
      Object {
        "backgroundColor": "yellow",
        "color": "black",
      }
    }
  >
    6
  </div>
  <div
    className="hit-number"
    style={
      Object {
        "backgroundColor": "yellow",
        "color": "black",
      }
    }
  >
    7
  </div>
  <div
    className="hit-number"
    style={
      Object {
        "backgroundColor": "yellow",
        "color": "black",
      }
    }
  >
    8
  </div>
  <div
    className="hit-number"
    style={
      Object {
        "backgroundColor": "yellow",
        "color": "black",
      }
    }
  >
    9
  </div>
  <div
    className="hit-number"
    style={
      Object {
        "backgroundColor": "yellow",
        "color": "black",
      }
    }
  >
    10
  </div>
  <div
    className="hit-number"
    style={
      Object {
        "backgroundColor": "yellow",
        "color": "black",
      }
    }
  >
    11
  </div>
  <div
    className="hit-number"
    style={
      Object {
        "backgroundColor": "yellow",
        "color": "black",
      }
    }
  >
    12
  </div>
  <div
    className="hit-number"
    style={
      Object {
        "backgroundColor": "yellow",
        "color": "black",
      }
    }
  >
    13
  </div>
  <div
    className="hit-number"
    style={
      Object {
        "backgroundColor": "yellow",
        "color": "black",
      }
    }
  >
    14
  </div>
  <div
    className="hit-number"
    style={
      Object {
        "backgroundColor": "yellow",
        "color": "black",
      }
    }
  >
    15
  </div>
  <div
    className="hit-number"
    style={
      Object {
        "backgroundColor": "yellow",
        "color": "black",
      }
    }
  >
    16
  </div>
  <div
    className="hit-number"
    style={
      Object {
        "backgroundColor": "yellow",
        "color": "black",
      }
    }
  >
    17
  </div>
  <div
    className="hit-number"
    style={
      Object {
        "backgroundColor": "yellow",
        "color": "black",
      }
    }
  >
    18
  </div>
  <div
    className="hit-number"
    style={
      Object {
        "backgroundColor": "yellow",
        "color": "black",
      }
    }
  >
    19
  </div>
  <div
    className="hit-number"
    style={
      Object {
        "backgroundColor": "yellow",
        "color": "black",
      }
    }
  >
    20
  </div>
  <div
    className="hit-number"
    style={
      Object {
        "backgroundColor": "yellow",
        "color": "black",
      }
    }
  >
    21
  </div>
  <div
    className="hit-number"
    style={
      Object {
        "backgroundColor": "yellow",
        "color": "black",
      }
    }
  >
    22
  </div>
  <div
    className="hit-number"
    style={
      Object {
        "backgroundColor": "yellow",
        "color": "black",
      }
    }
  >
    23
  </div>
  <div
    className="hit-number"
    style={
      Object {
        "backgroundColor": "yellow",
        "color": "black",
      }
    }
  >
    24
  </div>
  <div
    className="hit-number"
    style={
      Object {
        "backgroundColor": "yellow",
        "color": "black",
      }
    }
  >
    25
  </div>
  <div
    className="hit-number"
    style={
      Object {
        "backgroundColor": "yellow",
        "color": "black",
      }
    }
  >
    26
  </div>
  <div
    className="hit-number"
    style={
      Object {
        "backgroundColor": "yellow",
        "color": "black",
      }
    }
  >
    27
  </div>
  <div
    className="hit-number"
    style={
      Object {
        "backgroundColor": "yellow",
        "color": "black",
      }
    }
  >
    28
  </div>
  <div
    className="hit-number"
    style={
      Object {
        "backgroundColor": "yellow",
        "color": "black",
      }
    }
  >
    29
  </div>
  <div
    className="hit-number"
    style={
      Object {
        "backgroundColor": "yellow",
        "color": "black",
      }
    }
  >
    30
  </div>
  <div
    className="hit-number"
    style={
      Object {
        "backgroundColor": "yellow",
        "color": "black",
      }
    }
  >
    31
  </div>
  <div
    className="hit-number"
    style={
      Object {
        "backgroundColor": "yellow",
        "color": "black",
      }
    }
  >
    32
  </div>
  <div
    className="hit-number"
    style={
      Object {
        "backgroundColor": "yellow",
        "color": "black",
      }
    }
  >
    33
  </div>
  <div
    className="hit-number"
    style={
      Object {
        "backgroundColor": "yellow",
        "color": "black",
      }
    }
  >
    34
  </div>
  <div
    className="hit-number"
    style={
      Object {
        "backgroundColor": "yellow",
        "color": "black",
      }
    }
  >
    35
  </div>
  <div
    className="hit-number"
    style={
      Object {
        "backgroundColor": "yellow",
        "color": "black",
      }
    }
  >
    36
  </div>
</div>
`;

exports[`NumbersHitTracker renders when there are no hit numbers 1`] = `
<div
  className="NumbersHitTracker-component"
>
  <div
    className="hit-number"
    style={
      Object {
        "backgroundColor": "inherit",
        "color": "gray",
      }
    }
  >
    0
  </div>
  <div
    className="hit-number"
    style={
      Object {
        "backgroundColor": "inherit",
        "color": "gray",
      }
    }
  >
    00
  </div>
  <div
    className="hit-number"
    style={
      Object {
        "backgroundColor": "inherit",
        "color": "gray",
      }
    }
  >
    1
  </div>
  <div
    className="hit-number"
    style={
      Object {
        "backgroundColor": "inherit",
        "color": "gray",
      }
    }
  >
    2
  </div>
  <div
    className="hit-number"
    style={
      Object {
        "backgroundColor": "inherit",
        "color": "gray",
      }
    }
  >
    3
  </div>
  <div
    className="hit-number"
    style={
      Object {
        "backgroundColor": "inherit",
        "color": "gray",
      }
    }
  >
    4
  </div>
  <div
    className="hit-number"
    style={
      Object {
        "backgroundColor": "inherit",
        "color": "gray",
      }
    }
  >
    5
  </div>
  <div
    className="hit-number"
    style={
      Object {
        "backgroundColor": "inherit",
        "color": "gray",
      }
    }
  >
    6
  </div>
  <div
    className="hit-number"
    style={
      Object {
        "backgroundColor": "inherit",
        "color": "gray",
      }
    }
  >
    7
  </div>
  <div
    className="hit-number"
    style={
      Object {
        "backgroundColor": "inherit",
        "color": "gray",
      }
    }
  >
    8
  </div>
  <div
    className="hit-number"
    style={
      Object {
        "backgroundColor": "inherit",
        "color": "gray",
      }
    }
  >
    9
  </div>
  <div
    className="hit-number"
    style={
      Object {
        "backgroundColor": "inherit",
        "color": "gray",
      }
    }
  >
    10
  </div>
  <div
    className="hit-number"
    style={
      Object {
        "backgroundColor": "inherit",
        "color": "gray",
      }
    }
  >
    11
  </div>
  <div
    className="hit-number"
    style={
      Object {
        "backgroundColor": "inherit",
        "color": "gray",
      }
    }
  >
    12
  </div>
  <div
    className="hit-number"
    style={
      Object {
        "backgroundColor": "inherit",
        "color": "gray",
      }
    }
  >
    13
  </div>
  <div
    className="hit-number"
    style={
      Object {
        "backgroundColor": "inherit",
        "color": "gray",
      }
    }
  >
    14
  </div>
  <div
    className="hit-number"
    style={
      Object {
        "backgroundColor": "inherit",
        "color": "gray",
      }
    }
  >
    15
  </div>
  <div
    className="hit-number"
    style={
      Object {
        "backgroundColor": "inherit",
        "color": "gray",
      }
    }
  >
    16
  </div>
  <div
    className="hit-number"
    style={
      Object {
        "backgroundColor": "inherit",
        "color": "gray",
      }
    }
  >
    17
  </div>
  <div
    className="hit-number"
    style={
      Object {
        "backgroundColor": "inherit",
        "color": "gray",
      }
    }
  >
    18
  </div>
  <div
    className="hit-number"
    style={
      Object {
        "backgroundColor": "inherit",
        "color": "gray",
      }
    }
  >
    19
  </div>
  <div
    className="hit-number"
    style={
      Object {
        "backgroundColor": "inherit",
        "color": "gray",
      }
    }
  >
    20
  </div>
  <div
    className="hit-number"
    style={
      Object {
        "backgroundColor": "inherit",
        "color": "gray",
      }
    }
  >
    21
  </div>
  <div
    className="hit-number"
    style={
      Object {
        "backgroundColor": "inherit",
        "color": "gray",
      }
    }
  >
    22
  </div>
  <div
    className="hit-number"
    style={
      Object {
        "backgroundColor": "inherit",
        "color": "gray",
      }
    }
  >
    23
  </div>
  <div
    className="hit-number"
    style={
      Object {
        "backgroundColor": "inherit",
        "color": "gray",
      }
    }
  >
    24
  </div>
  <div
    className="hit-number"
    style={
      Object {
        "backgroundColor": "inherit",
        "color": "gray",
      }
    }
  >
    25
  </div>
  <div
    className="hit-number"
    style={
      Object {
        "backgroundColor": "inherit",
        "color": "gray",
      }
    }
  >
    26
  </div>
  <div
    className="hit-number"
    style={
      Object {
        "backgroundColor": "inherit",
        "color": "gray",
      }
    }
  >
    27
  </div>
  <div
    className="hit-number"
    style={
      Object {
        "backgroundColor": "inherit",
        "color": "gray",
      }
    }
  >
    28
  </div>
  <div
    className="hit-number"
    style={
      Object {
        "backgroundColor": "inherit",
        "color": "gray",
      }
    }
  >
    29
  </div>
  <div
    className="hit-number"
    style={
      Object {
        "backgroundColor": "inherit",
        "color": "gray",
      }
    }
  >
    30
  </div>
  <div
    className="hit-number"
    style={
      Object {
        "backgroundColor": "inherit",
        "color": "gray",
      }
    }
  >
    31
  </div>
  <div
    className="hit-number"
    style={
      Object {
        "backgroundColor": "inherit",
        "color": "gray",
      }
    }
  >
    32
  </div>
  <div
    className="hit-number"
    style={
      Object {
        "backgroundColor": "inherit",
        "color": "gray",
      }
    }
  >
    33
  </div>
  <div
    className="hit-number"
    style={
      Object {
        "backgroundColor": "inherit",
        "color": "gray",
      }
    }
  >
    34
  </div>
  <div
    className="hit-number"
    style={
      Object {
        "backgroundColor": "inherit",
        "color": "gray",
      }
    }
  >
    35
  </div>
  <div
    className="hit-number"
    style={
      Object {
        "backgroundColor": "inherit",
        "color": "gray",
      }
    }
  >
    36
  </div>
</div>
`;
