// Jest Snapshot v1, https://goo.gl/fbAQLP

exports[`HouseInfo renders when houseBalance is 0 1`] = `
<div
  className="HouseInfo-component"
>
  <div>
    Block Height
    <br />
  </div>
  <div>
    House Balance
    <br />
    Loading...
  </div>
  <div>
    Contract Balance
    <br />
    Loading...
  </div>
  <button
    disabled={false}
    onClick={[Function]}
    style={
      Object {
        "backgroundColor": "#ff4444",
        "border": "none",
        "borderRadius": "8px",
        "color": "white",
        "cursor": "pointer",
        "fontSize": "14px",
        "fontWeight": "bold",
        "marginTop": "10px",
        "padding": "8px 16px",
      }
    }
  >
    Fund Contract (1000)
  </button>
</div>
`;

exports[`HouseInfo renders when houseBalance is 123456.9876 1`] = `
<div
  className="HouseInfo-component"
>
  <div>
    Block Height
    <br />
  </div>
  <div>
    House Balance
    <br />
    Loading...
  </div>
  <div>
    Contract Balance
    <br />
    Loading...
  </div>
  <button
    disabled={false}
    onClick={[Function]}
    style={
      Object {
        "backgroundColor": "#ff4444",
        "border": "none",
        "borderRadius": "8px",
        "color": "white",
        "cursor": "pointer",
        "fontSize": "14px",
        "fontWeight": "bold",
        "marginTop": "10px",
        "padding": "8px 16px",
      }
    }
  >
    Fund Contract (1000)
  </button>
</div>
`;

exports[`HouseInfo renders when houseBalance is undefined 1`] = `
<div
  className="HouseInfo-component"
>
  <div>
    Block Height
    <br />
  </div>
  <div>
    House Balance
    <br />
    Loading...
  </div>
  <div>
    Contract Balance
    <br />
    Loading...
  </div>
  <button
    disabled={false}
    onClick={[Function]}
    style={
      Object {
        "backgroundColor": "#ff4444",
        "border": "none",
        "borderRadius": "8px",
        "color": "white",
        "cursor": "pointer",
        "fontSize": "14px",
        "fontWeight": "bold",
        "marginTop": "10px",
        "padding": "8px 16px",
      }
    }
  >
    Fund Contract (1000)
  </button>
</div>
`;
