// Jest Snapshot v1, https://goo.gl/fbAQLP

exports[`RewardsInfo renders when there are multiple transactions 1`] = `
<div
  className="RewardsInfo-component"
>
  <div>
    Games Played
    <br />
    <span
      className="rewards-info-value"
    >
      2
    </span>
  </div>
  <div>
    Rewards
    <br />
    <span
      className="rewards-info-value"
    >
      $ 0.00
    </span>
  </div>
  <div>
    Games Won
    <br />
    0
  </div>
  <div>
    Games Lost
    <br />
    0
  </div>
</div>
`;

exports[`RewardsInfo renders when there are won and lost games 1`] = `
<div
  className="RewardsInfo-component"
>
  <div>
    Games Played
    <br />
    <span
      className="rewards-info-value"
    >
      6
    </span>
  </div>
  <div>
    Rewards
    <br />
    <span
      className="rewards-info-value"
    >
      $ 0.00
    </span>
  </div>
  <div>
    Games Won
    <br />
    3
  </div>
  <div>
    Games Lost
    <br />
    2
  </div>
</div>
`;

exports[`RewardsInfo renders when transaction history is empty 1`] = `
<div
  className="RewardsInfo-component"
>
  <div>
    Games Played
    <br />
    <span
      className="rewards-info-value"
    >
      0
    </span>
  </div>
  <div>
    Rewards
    <br />
    <span
      className="rewards-info-value"
    >
      $ 0.00
    </span>
  </div>
  <div>
    Games Won
    <br />
    0
  </div>
  <div>
    Games Lost
    <br />
    0
  </div>
</div>
`;
